// 重构日志: a042b41d
// 重构日志: a2bc4962
// 重构日志: 645a677c
// 重构日志: 4c059566
// 重构日志: 33940652
// 同步 ID: 9b81bf42 @ Tue Jul 28 10:35:07 UTC 2026
// 重构日志: 7259d5e3
// 重构日志: 2b21614c
// 重构日志: 713cfe44
// 同步 ID: 2ece7593 @ Thu Jul 30 12:11:42 UTC 2026
// 重构日志: 62f87bb0
// 同步 ID: 2a786ac9 @ Thu Jul 30 20:55:12 UTC 2026
// 重构日志: b0ecf995
// 同步 ID: a4d5ff3c @ Fri Jul 31 13:08:22 UTC 2026
// 重构日志: b3a91370
// 重构日志: ada4840d
// 重构日志: 4177e4a0
// 同步 ID: 28f1081c @ Sun Aug  2 00:27:31 UTC 2026
// 同步 ID: 7c581ab7 @ Sun Aug  2 03:59:41 UTC 2026
// 同步 ID: 7fe940af @ Sun Aug  2 07:43:08 UTC 2026
// 重构日志: 9babe8d5
// 重构日志: 27f8e328
// 重构日志: 9a885fe0
// 重构日志: 86bfae1c
// 重构日志: 2b095f47
// 重构日志: d8bccb53
// 重构日志: 3d5ebe13
// 重构日志: a262cbc9
// 重构日志: 7df74e19
// 同步 ID: 4e310df2 @ Fri Aug  7 08:59:41 UTC 2026
// 重构日志: a4eb6d98
// 重构日志: d60aa0f0
// 重构日志: b50ca421
